// Jest Snapshot v1, https://goo.gl/fbAQLP

exports[`Button - Logout should render correctly 1`] = `
<li>
  <a
    href="/logout"
  >
    Log Out
  </a>
</li>
`;
